Archive member included to satisfy reference by file (symbol)

c:/program files (x86)/atmel/studio/7.0/toolchain/arm/arm-gnu-toolchain/bin/../lib/gcc/arm-none-eabi/6.3.1/thumb/v6-m\libgcc.a(_udivsi3.o)
                              hpl/core/hpl_core_m0plus_base.o (__aeabi_uidiv)
c:/program files (x86)/atmel/studio/7.0/toolchain/arm/arm-gnu-toolchain/bin/../lib/gcc/arm-none-eabi/6.3.1/thumb/v6-m\libgcc.a(_dvmd_tls.o)
                              c:/program files (x86)/atmel/studio/7.0/toolchain/arm/arm-gnu-toolchain/bin/../lib/gcc/arm-none-eabi/6.3.1/thumb/v6-m\libgcc.a(_udivsi3.o) (__aeabi_idiv0)
c:/program files (x86)/atmel/studio/7.0/toolchain/arm/arm-gnu-toolchain/bin/../lib/gcc/arm-none-eabi/6.3.1/thumb/v6-m\libgcc.a(_aeabi_uldivmod.o)
                              hpl/sercom/hpl_sercom.o (__aeabi_uldivmod)
c:/program files (x86)/atmel/studio/7.0/toolchain/arm/arm-gnu-toolchain/bin/../lib/gcc/arm-none-eabi/6.3.1/thumb/v6-m\libgcc.a(_muldi3.o)
                              hpl/sercom/hpl_sercom.o (__aeabi_lmul)
c:/program files (x86)/atmel/studio/7.0/toolchain/arm/arm-gnu-toolchain/bin/../lib/gcc/arm-none-eabi/6.3.1/thumb/v6-m\libgcc.a(_fixunsdfsi.o)
                              hpl/sercom/hpl_sercom.o (__aeabi_d2uiz)
c:/program files (x86)/atmel/studio/7.0/toolchain/arm/arm-gnu-toolchain/bin/../lib/gcc/arm-none-eabi/6.3.1/thumb/v6-m\libgcc.a(_udivmoddi4.o)
                              c:/program files (x86)/atmel/studio/7.0/toolchain/arm/arm-gnu-toolchain/bin/../lib/gcc/arm-none-eabi/6.3.1/thumb/v6-m\libgcc.a(_aeabi_uldivmod.o) (__udivmoddi4)
c:/program files (x86)/atmel/studio/7.0/toolchain/arm/arm-gnu-toolchain/bin/../lib/gcc/arm-none-eabi/6.3.1/thumb/v6-m\libgcc.a(divdf3.o)
                              hpl/sercom/hpl_sercom.o (__aeabi_ddiv)
c:/program files (x86)/atmel/studio/7.0/toolchain/arm/arm-gnu-toolchain/bin/../lib/gcc/arm-none-eabi/6.3.1/thumb/v6-m\libgcc.a(muldf3.o)
                              hpl/sercom/hpl_sercom.o (__aeabi_dmul)
c:/program files (x86)/atmel/studio/7.0/toolchain/arm/arm-gnu-toolchain/bin/../lib/gcc/arm-none-eabi/6.3.1/thumb/v6-m\libgcc.a(subdf3.o)
                              hpl/sercom/hpl_sercom.o (__aeabi_dsub)
c:/program files (x86)/atmel/studio/7.0/toolchain/arm/arm-gnu-toolchain/bin/../lib/gcc/arm-none-eabi/6.3.1/thumb/v6-m\libgcc.a(fixdfsi.o)
                              c:/program files (x86)/atmel/studio/7.0/toolchain/arm/arm-gnu-toolchain/bin/../lib/gcc/arm-none-eabi/6.3.1/thumb/v6-m\libgcc.a(_fixunsdfsi.o) (__aeabi_d2iz)
c:/program files (x86)/atmel/studio/7.0/toolchain/arm/arm-gnu-toolchain/bin/../lib/gcc/arm-none-eabi/6.3.1/thumb/v6-m\libgcc.a(floatsidf.o)
                              hpl/sercom/hpl_sercom.o (__aeabi_i2d)
c:/program files (x86)/atmel/studio/7.0/toolchain/arm/arm-gnu-toolchain/bin/../lib/gcc/arm-none-eabi/6.3.1/thumb/v6-m\libgcc.a(floatunsidf.o)
                              hpl/sercom/hpl_sercom.o (__aeabi_ui2d)
c:/program files (x86)/atmel/studio/7.0/toolchain/arm/arm-gnu-toolchain/bin/../lib/gcc/arm-none-eabi/6.3.1/thumb/v6-m\libgcc.a(_arm_cmpdf2.o)
                              c:/program files (x86)/atmel/studio/7.0/toolchain/arm/arm-gnu-toolchain/bin/../lib/gcc/arm-none-eabi/6.3.1/thumb/v6-m\libgcc.a(_fixunsdfsi.o) (__aeabi_dcmpge)
c:/program files (x86)/atmel/studio/7.0/toolchain/arm/arm-gnu-toolchain/bin/../lib/gcc/arm-none-eabi/6.3.1/thumb/v6-m\libgcc.a(_clzsi2.o)
                              c:/program files (x86)/atmel/studio/7.0/toolchain/arm/arm-gnu-toolchain/bin/../lib/gcc/arm-none-eabi/6.3.1/thumb/v6-m\libgcc.a(divdf3.o) (__clzsi2)
c:/program files (x86)/atmel/studio/7.0/toolchain/arm/arm-gnu-toolchain/bin/../lib/gcc/arm-none-eabi/6.3.1/thumb/v6-m\libgcc.a(_clzdi2.o)
                              c:/program files (x86)/atmel/studio/7.0/toolchain/arm/arm-gnu-toolchain/bin/../lib/gcc/arm-none-eabi/6.3.1/thumb/v6-m\libgcc.a(_udivmoddi4.o) (__clzdi2)
c:/program files (x86)/atmel/studio/7.0/toolchain/arm/arm-gnu-toolchain/bin/../lib/gcc/arm-none-eabi/6.3.1/thumb/v6-m\libgcc.a(eqdf2.o)
                              c:/program files (x86)/atmel/studio/7.0/toolchain/arm/arm-gnu-toolchain/bin/../lib/gcc/arm-none-eabi/6.3.1/thumb/v6-m\libgcc.a(_arm_cmpdf2.o) (__eqdf2)
c:/program files (x86)/atmel/studio/7.0/toolchain/arm/arm-gnu-toolchain/bin/../lib/gcc/arm-none-eabi/6.3.1/thumb/v6-m\libgcc.a(gedf2.o)
                              c:/program files (x86)/atmel/studio/7.0/toolchain/arm/arm-gnu-toolchain/bin/../lib/gcc/arm-none-eabi/6.3.1/thumb/v6-m\libgcc.a(_arm_cmpdf2.o) (__gedf2)
c:/program files (x86)/atmel/studio/7.0/toolchain/arm/arm-gnu-toolchain/bin/../lib/gcc/arm-none-eabi/6.3.1/thumb/v6-m\libgcc.a(ledf2.o)
                              c:/program files (x86)/atmel/studio/7.0/toolchain/arm/arm-gnu-toolchain/bin/../lib/gcc/arm-none-eabi/6.3.1/thumb/v6-m\libgcc.a(_arm_cmpdf2.o) (__ledf2)
[...]
Memory Configuration

Name             Origin             Length             Attributes
rom              0x00000000         0x00040000         xr
ram              0x20000000         0x00008000         xrw
*default*        0x00000000         0xffffffff

Linker script and memory map

LOAD c:/program files (x86)/atmel/studio/7.0/toolchain/arm/arm-gnu-toolchain/bin/../lib/gcc/arm-none-eabi/6.3.1/thumb/v6-m/crti.o
LOAD c:/program files (x86)/atmel/studio/7.0/toolchain/arm/arm-gnu-toolchain/bin/../lib/gcc/arm-none-eabi/6.3.1/thumb/v6-m/crtbegin.o
LOAD c:/program files (x86)/atmel/studio/7.0/toolchain/arm/arm-gnu-toolchain/bin/../lib/gcc/arm-none-eabi/6.3.1/../../../../arm-none-eabi/lib/thumb/v6-m/crt0.o
LOAD atmel_start.o
LOAD Device_Startup/startup_samd20.o
LOAD Device_Startup/system_samd20.o
LOAD driver_init.o
LOAD examples/driver_examples.o
LOAD hal/src/hal_atomic.o
LOAD hal/src/hal_delay.o
LOAD hal/src/hal_gpio.o
LOAD hal/src/hal_init.o
LOAD hal/src/hal_io.o
LOAD hal/src/hal_sleep.o
LOAD hal/src/hal_usart_sync.o
LOAD hal/utils/src/utils_assert.o
LOAD hal/utils/src/utils_event.o
LOAD hal/utils/src/utils_list.o
LOAD hal/utils/src/utils_syscalls.o
LOAD hpl/core/hpl_core_m0plus_base.o
LOAD hpl/core/hpl_init.o
LOAD hpl/gclk/hpl_gclk.o
LOAD hpl/pm/hpl_pm.o
LOAD hpl/sercom/hpl_sercom.o
LOAD hpl/sysctrl/hpl_sysctrl.o
LOAD main.o
START GROUP
LOAD c:/program files (x86)/atmel/studio/7.0/toolchain/arm/arm-gnu-toolchain/bin/../lib/gcc/arm-none-eabi/6.3.1/../../../../arm-none-eabi/lib/thumb/v6-m\libm.a
END GROUP
START GROUP
LOAD c:/program files (x86)/atmel/studio/7.0/toolchain/arm/arm-gnu-toolchain/bin/../lib/gcc/arm-none-eabi/6.3.1/thumb/v6-m\libgcc.a
LOAD c:/program files (x86)/atmel/studio/7.0/toolchain/arm/arm-gnu-toolchain/bin/../lib/gcc/arm-none-eabi/6.3.1/../../../../arm-none-eabi/lib/thumb/v6-m\libc_nano.a
END GROUP
START GROUP
LOAD c:/program files (x86)/atmel/studio/7.0/toolchain/arm/arm-gnu-toolchain/bin/../lib/gcc/arm-none-eabi/6.3.1/thumb/v6-m\libgcc.a
LOAD c:/program files (x86)/atmel/studio/7.0/toolchain/arm/arm-gnu-toolchain/bin/../lib/gcc/arm-none-eabi/6.3.1/../../../../arm-none-eabi/lib/thumb/v6-m\libc_nano.a
END GROUP
LOAD c:/program files (x86)/atmel/studio/7.0/toolchain/arm/arm-gnu-toolchain/bin/../lib/gcc/arm-none-eabi/6.3.1/thumb/v6-m/crtend.o
LOAD c:/program files (x86)/atmel/studio/7.0/toolchain/arm/arm-gnu-toolchain/bin/../lib/gcc/arm-none-eabi/6.3.1/thumb/v6-m/crtn.o
                0x00002000                STACK_SIZE = DEFINED (STACK_SIZE)?STACK_SIZE:DEFINED (__stack_size__)?__stack_size__:0x2000

.text           0x00000000      0x6dc
                0x00000000                . = ALIGN (0x4)
                0x00000000                _sfixed = .
 *(.vectors .vectors.*)
 .vectors       0x00000000       0xa4 Device_Startup/startup_samd20.o
                0x00000000                exception_table
 *(.text .text.* .gnu.linkonce.t.*)
 .text          0x000000a4       0x60 c:/program files (x86)/atmel/studio/7.0/toolchain/arm/arm-gnu-toolchain/bin/../lib/gcc/arm-none-eabi/6.3.1/thumb/v6-m/crtbegin.o
 .text.atmel_start_init
                0x00000104        0xc atmel_start.o
                0x00000104                atmel_start_init
 .text.Dummy_Handler
                0x00000110        0x2 Device_Startup/startup_samd20.o
                0x00000110                SVCall_Handler
                0x00000110                HardFault_Handler
                0x00000110                TC2_Handler
                0x00000110                AC_Handler
                0x00000110                SysTick_Handler
                0x00000110                PendSV_Handler
                0x00000110                TC7_Handler
                0x00000110                SERCOM1_Handler
                0x00000110                ADC_Handler
                0x00000110                NonMaskableInt_Handler
                0x00000110                SERCOM2_Handler
                0x00000110                RTC_Handler
                0x00000110                EIC_Handler
                0x00000110                TC6_Handler
                0x00000110                WDT_Handler
                0x00000110                TC4_Handler
                0x00000110                TC1_Handler
                0x00000110                TC3_Handler
                0x00000110                Dummy_Handler
                0x00000110                PM_Handler
                0x00000110                SERCOM5_Handler
                0x00000110                EVSYS_Handler
                0x00000110                SERCOM3_Handler
                0x00000110                SERCOM4_Handler
                0x00000110                NVMCTRL_Handler
                0x00000110                SERCOM0_Handler
                0x00000110                DAC_Handler
                0x00000110                PTC_Handler
                0x00000110                TC0_Handler
                0x00000110                TC5_Handler
                0x00000110                SYSCTRL_Handler
 *fill*         0x00000112        0x2 
 .text.Reset_Handler
                0x00000114       0x98 Device_Startup/startup_samd20.o
                0x00000114                Reset_Handler
 .text.USART_0_PORT_init
                0x000001ac       0x40 driver_init.o
                0x000001ac                USART_0_PORT_init
 .text.USART_0_CLOCK_init
                0x000001ec       0x20 driver_init.o
                0x000001ec                USART_0_CLOCK_init
 .text.USART_0_init
                0x0000020c       0x2c driver_init.o
                0x0000020c                USART_0_init
 .text.system_init
                0x00000238       0x14 driver_init.o
                0x00000238                system_init
 .text.io_write
                0x0000024c       0x34 hal/src/hal_io.o
                0x0000024c                io_write
 .text.usart_sync_write
                0x00000280       0x7c hal/src/hal_usart_sync.o
 .text.usart_sync_read
                0x000002fc       0x68 hal/src/hal_usart_sync.o
 .text.usart_sync_init
                0x00000364       0x4c hal/src/hal_usart_sync.o
                0x00000364                usart_sync_init
 .text.usart_sync_enable
                0x000003b0       0x2c hal/src/hal_usart_sync.o
                0x000003b0                usart_sync_enable
 .text.usart_sync_get_io_descriptor
                0x000003dc       0x2c hal/src/hal_usart_sync.o
                0x000003dc                usart_sync_get_io_descriptor
 .text.assert   0x00000408        0x8 hal/utils/src/utils_assert.o
                0x00000408                assert
 .text._init_chip
                0x00000410       0x30 hpl/core/hpl_init.o
                0x00000410                _init_chip
 .text._gclk_init_generators_by_fref
                0x00000440       0x20 hpl/gclk/hpl_gclk.o
                0x00000440                _gclk_init_generators_by_fref
 .text._pm_init
                0x00000460       0x20 hpl/pm/hpl_pm.o
                0x00000460                _pm_init
 .text._usart_init
                0x00000480       0x88 hpl/sercom/hpl_sercom.o
 .text._usart_sync_init
                0x00000508       0x2c hpl/sercom/hpl_sercom.o
                0x00000508                _usart_sync_init
 .text._usart_sync_enable
                0x00000534       0x12 hpl/sercom/hpl_sercom.o
                0x00000534                _usart_sync_enable
 .text._usart_sync_write_byte
                0x00000546        0x8 hpl/sercom/hpl_sercom.o
                0x00000546                _usart_sync_write_byte
 .text._usart_sync_read_byte
                0x0000054e        0x8 hpl/sercom/hpl_sercom.o
                0x0000054e                _usart_sync_read_byte
 .text._usart_sync_is_ready_to_send
                0x00000556        0xa hpl/sercom/hpl_sercom.o
                0x00000556                _usart_sync_is_ready_to_send
 .text._usart_sync_is_transmit_done
                0x00000560        0xa hpl/sercom/hpl_sercom.o
                0x00000560                _usart_sync_is_transmit_done
 .text._usart_sync_is_byte_received
                0x0000056a        0xa hpl/sercom/hpl_sercom.o
                0x0000056a                _usart_sync_is_byte_received
 .text._sysctrl_init_sources
                0x00000574       0x48 hpl/sysctrl/hpl_sysctrl.o
                0x00000574                _sysctrl_init_sources
 .text._sysctrl_init_referenced_generators
                0x000005bc       0x10 hpl/sysctrl/hpl_sysctrl.o
                0x000005bc                _sysctrl_init_referenced_generators
 .text.UART_EDBG_init
                0x000005cc       0x38 main.o
                0x000005cc                UART_EDBG_init
 .text.main     0x00000604       0x14 main.o
                0x00000604                main
 .text.__libc_init_array
                0x00000618       0x48 c:/program files (x86)/atmel/studio/7.0/toolchain/arm/arm-gnu-toolchain/bin/../lib/gcc/arm-none-eabi/6.3.1/../../../../arm-none-eabi/lib/thumb/v6-m\libc_nano.a(lib_a-init.o)
                0x00000618                __libc_init_array
 *(.glue_7t)
 .glue_7t       0x00000660        0x0 linker stubs
 *(.glue_7)
 .glue_7        0x00000660        0x0 linker stubs
 *(.rodata .rodata* .gnu.linkonce.r.*)
 .rodata.str1.4
                0x00000660       0x14 hal/src/hal_io.o
 .rodata.str1.4
                0x00000674       0x1c hal/src/hal_usart_sync.o
 .rodata.str1.4
                0x00000690       0x1b hpl/sercom/hpl_sercom.o
 *fill*         0x000006ab        0x1 
 .rodata.str1.4
                0x000006ac       0x10 main.o
                                  0xe (size before relaxing)
 *(.ARM.extab* .gnu.linkonce.armextab.*)
                0x000006bc                . = ALIGN (0x4)
 *(.init)
 .init          0x000006bc        0x4 c:/program files (x86)/atmel/studio/7.0/toolchain/arm/arm-gnu-toolchain/bin/../lib/gcc/arm-none-eabi/6.3.1/thumb/v6-m/crti.o
                0x000006bc                _init
 .init          0x000006c0        0x8 c:/program files (x86)/atmel/studio/7.0/toolchain/arm/arm-gnu-toolchain/bin/../lib/gcc/arm-none-eabi/6.3.1/thumb/v6-m/crtn.o
                0x000006c8                . = ALIGN (0x4)
                0x000006c8                __preinit_array_start = .
 *(.preinit_array)
                0x000006c8                __preinit_array_end = .
                0x000006c8                . = ALIGN (0x4)
                0x000006c8                __init_array_start = .
 *(SORT(.init_array.*))
 *(.init_array)
 .init_array    0x000006c8        0x4 c:/program files (x86)/atmel/studio/7.0/toolchain/arm/arm-gnu-toolchain/bin/../lib/gcc/arm-none-eabi/6.3.1/thumb/v6-m/crtbegin.o
                0x000006cc                __init_array_end = .
                0x000006cc                . = ALIGN (0x4)
 *crtbegin.o(.ctors)
 *(EXCLUDE_FILE(*crtend.o) .ctors)
 *(SORT(.ctors.*))
 *crtend.o(.ctors)
                0x000006cc                . = ALIGN (0x4)
 *(.fini)
 .fini          0x000006cc        0x4 c:/program files (x86)/atmel/studio/7.0/toolchain/arm/arm-gnu-toolchain/bin/../lib/gcc/arm-none-eabi/6.3.1/thumb/v6-m/crti.o
                0x000006cc                _fini
 .fini          0x000006d0        0x8 c:/program files (x86)/atmel/studio/7.0/toolchain/arm/arm-gnu-toolchain/bin/../lib/gcc/arm-none-eabi/6.3.1/thumb/v6-m/crtn.o
                0x000006d8                . = ALIGN (0x4)
                0x000006d8                __fini_array_start = .
 *(.fini_array)
 .fini_array    0x000006d8        0x4 c:/program files (x86)/atmel/studio/7.0/toolchain/arm/arm-gnu-toolchain/bin/../lib/gcc/arm-none-eabi/6.3.1/thumb/v6-m/crtbegin.o
 *(SORT(.fini_array.*))
                0x000006dc                __fini_array_end = .
 *crtbegin.o(.dtors)
 *(EXCLUDE_FILE(*crtend.o) .dtors)
 *(SORT(.dtors.*))
 *crtend.o(.dtors)
                0x000006dc                . = ALIGN (0x4)
                0x000006dc                _efixed = .
                [!provide]                PROVIDE (__exidx_start, .)

.vfp11_veneer   0x000006dc        0x0
 .vfp11_veneer  0x000006dc        0x0 linker stubs

.v4_bx          0x000006dc        0x0
 .v4_bx         0x000006dc        0x0 linker stubs

.iplt           0x000006dc        0x0
 .iplt          0x000006dc        0x0 c:/program files (x86)/atmel/studio/7.0/toolchain/arm/arm-gnu-toolchain/bin/../lib/gcc/arm-none-eabi/6.3.1/thumb/v6-m/crtbegin.o

.eh_frame       0x000006dc        0x0
 .eh_frame      0x000006dc        0x0 c:/program files (x86)/atmel/studio/7.0/toolchain/arm/arm-gnu-toolchain/bin/../lib/gcc/arm-none-eabi/6.3.1/thumb/v6-m/crtbegin.o

.rel.dyn        0x000006dc        0x0
 .rel.iplt      0x000006dc        0x0 c:/program files (x86)/atmel/studio/7.0/toolchain/arm/arm-gnu-toolchain/bin/../lib/gcc/arm-none-eabi/6.3.1/thumb/v6-m/crtbegin.o

.jcr            0x000006dc        0x0
 .jcr           0x000006dc        0x0 c:/program files (x86)/atmel/studio/7.0/toolchain/arm/arm-gnu-toolchain/bin/../lib/gcc/arm-none-eabi/6.3.1/thumb/v6-m/crtbegin.o

.igot.plt       0x000006dc        0x0
 .igot.plt      0x000006dc        0x0 c:/program files (x86)/atmel/studio/7.0/toolchain/arm/arm-gnu-toolchain/bin/../lib/gcc/arm-none-eabi/6.3.1/thumb/v6-m/crtbegin.o

.ARM.exidx
 *(.ARM.exidx* .gnu.linkonce.armexidx.*)
                [!provide]                PROVIDE (__exidx_end, .)
                0x000006dc                . = ALIGN (0x4)
                0x000006dc                _etext = .

.relocate       0x20000000        0x0 load address 0x000006dc
                0x20000000                . = ALIGN (0x4)
                0x20000000                _srelocate = .
 *(.ramfunc .ramfunc.*)
 *(.data .data.*)
                0x20000000                . = ALIGN (0x4)
                0x20000000                _erelocate = .

.bss            0x20000000       0x28
                0x20000000                . = ALIGN (0x4)
                0x20000000                _sbss = .
                0x20000000                _szero = .
 *(.bss .bss.*)
 .bss           0x20000000       0x1c c:/program files (x86)/atmel/studio/7.0/toolchain/arm/arm-gnu-toolchain/bin/../lib/gcc/arm-none-eabi/6.3.1/thumb/v6-m/crtbegin.o
 *(COMMON)
 COMMON         0x2000001c        0xc driver_init.o
                0x2000001c                USART_0
                0x20000028                . = ALIGN (0x4)
                0x20000028                _ebss = .
                0x20000028                _ezero = .

.stack          0x20000028     0x2000
                0x20000028                . = ALIGN (0x8)
                0x20000028                _sstack = .
                0x20002028                . = (. + STACK_SIZE)
 *fill*         0x20000028     0x2000 
                0x20002028                . = ALIGN (0x8)
                0x20002028                _estack = .
                0x20002028                . = ALIGN (0x4)
                0x20002028                _end = .
OUTPUT(Print_Serial.elf elf32-littlearm)

.ARM.attributes
                0x00000000       0x28
 .ARM.attributes
                0x00000000       0x1e c:/program files (x86)/atmel/studio/7.0/toolchain/arm/arm-gnu-toolchain/bin/../lib/gcc/arm-none-eabi/6.3.1/thumb/v6-m/crti.o
 .ARM.attributes
                0x0000001e       0x2c c:/program files (x86)/atmel/studio/7.0/toolchain/arm/arm-gnu-toolchain/bin/../lib/gcc/arm-none-eabi/6.3.1/thumb/v6-m/crtbegin.o
 .ARM.attributes
                0x0000004a       0x32 atmel_start.o
 .ARM.attributes
                0x0000007c       0x32 Device_Startup/startup_samd20.o
 .ARM.attributes
                0x000000ae       0x32 driver_init.o
 .ARM.attributes
                0x000000e0       0x32 hal/src/hal_io.o
 .ARM.attributes
                0x00000112       0x32 hal/src/hal_usart_sync.o
 .ARM.attributes
                0x00000144       0x32 hal/utils/src/utils_assert.o
 .ARM.attributes
                0x00000176       0x32 hpl/core/hpl_init.o
 .ARM.attributes
                0x000001a8       0x32 hpl/gclk/hpl_gclk.o
 .ARM.attributes
                0x000001da       0x32 hpl/pm/hpl_pm.o
 .ARM.attributes
                0x0000020c       0x32 hpl/sercom/hpl_sercom.o
 .ARM.attributes
                0x0000023e       0x32 hpl/sysctrl/hpl_sysctrl.o
 .ARM.attributes
                0x00000270       0x32 main.o
 .ARM.attributes
                0x000002a2       0x2c c:/program files (x86)/atmel/studio/7.0/toolchain/arm/arm-gnu-toolchain/bin/../lib/gcc/arm-none-eabi/6.3.1/../../../../arm-none-eabi/lib/thumb/v6-m\libc_nano.a(lib_a-init.o)
 .ARM.attributes
                0x000002ce       0x1e c:/program files (x86)/atmel/studio/7.0/toolchain/arm/arm-gnu-toolchain/bin/../lib/gcc/arm-none-eabi/6.3.1/thumb/v6-m/crtn.o

.comment        0x00000000       0x59
 .comment       0x00000000       0x59 atmel_start.o
                                 0x5a (size before relaxing)
 .comment       0x00000059       0x5a Device_Startup/startup_samd20.o
 .comment       0x00000059       0x5a driver_init.o
 .comment       0x00000059       0x5a hal/src/hal_io.o
 .comment       0x00000059       0x5a hal/src/hal_usart_sync.o
 .comment       0x00000059       0x5a hal/utils/src/utils_assert.o
 .comment       0x00000059       0x5a hpl/core/hpl_init.o
 .comment       0x00000059       0x5a hpl/gclk/hpl_gclk.o
 .comment       0x00000059       0x5a hpl/pm/hpl_pm.o
 .comment       0x00000059       0x5a hpl/sercom/hpl_sercom.o
 .comment       0x00000059       0x5a hpl/sysctrl/hpl_sysctrl.o
 .comment       0x00000059       0x5a main.o

.debug_info     0x00000000    0x1240a
 .debug_info    0x00000000      0x20c atmel_start.o
 .debug_info    0x0000020c      0x9c4 Device_Startup/startup_samd20.o
 .debug_info    0x00000bd0     0x3f12 driver_init.o
 .debug_info    0x00004ae2      0x2b2 hal/src/hal_io.o
 .debug_info    0x00004d94      0xc56 hal/src/hal_usart_sync.o
 .debug_info    0x000059ea      0x107 hal/utils/src/utils_assert.o
 .debug_info    0x00005af1      0x677 hpl/core/hpl_init.o
 .debug_info    0x00006168      0x4e1 hpl/gclk/hpl_gclk.o
 .debug_info    0x00006649      0xbfe hpl/pm/hpl_pm.o
 .debug_info    0x00007247     0x9e21 hpl/sercom/hpl_sercom.o
 .debug_info    0x00011068     0x10e1 hpl/sysctrl/hpl_sysctrl.o
 .debug_info    0x00012149      0x2c1 main.o

.debug_abbrev   0x00000000     0x1833
 .debug_abbrev  0x00000000       0xda atmel_start.o
 .debug_abbrev  0x000000da      0x1e4 Device_Startup/startup_samd20.o
 .debug_abbrev  0x000002be      0x351 driver_init.o
 .debug_abbrev  0x0000060f      0x115 hal/src/hal_io.o
 .debug_abbrev  0x00000724      0x217 hal/src/hal_usart_sync.o
 .debug_abbrev  0x0000093b       0x86 hal/utils/src/utils_assert.o
 .debug_abbrev  0x000009c1      0x1cc hpl/core/hpl_init.o
 .debug_abbrev  0x00000b8d      0x1c3 hpl/gclk/hpl_gclk.o
 .debug_abbrev  0x00000d50      0x226 hpl/pm/hpl_pm.o
 .debug_abbrev  0x00000f76      0x577 hpl/sercom/hpl_sercom.o
 .debug_abbrev  0x000014ed      0x20c hpl/sysctrl/hpl_sysctrl.o
 .debug_abbrev  0x000016f9      0x13a main.o

.debug_loc      0x00000000     0x7b45
 .debug_loc     0x00000000       0x20 atmel_start.o
 .debug_loc     0x00000020       0x40 Device_Startup/startup_samd20.o
 .debug_loc     0x00000060      0x258 driver_init.o
 .debug_loc     0x000002b8      0x18a hal/src/hal_io.o
 .debug_loc     0x00000442      0x9b2 hal/src/hal_usart_sync.o
 .debug_loc     0x00000df4       0x4c hpl/core/hpl_init.o
 .debug_loc     0x00000e40       0xa3 hpl/gclk/hpl_gclk.o
 .debug_loc     0x00000ee3      0x11b hpl/pm/hpl_pm.o
 .debug_loc     0x00000ffe     0x699b hpl/sercom/hpl_sercom.o
 .debug_loc     0x00007999      0x160 hpl/sysctrl/hpl_sysctrl.o
 .debug_loc     0x00007af9       0x4c main.o

.debug_aranges  0x00000000      0x700
 .debug_aranges
                0x00000000       0x20 atmel_start.o
 .debug_aranges
                0x00000020       0x28 Device_Startup/startup_samd20.o
 .debug_aranges
                0x00000048       0x38 driver_init.o
 .debug_aranges
                0x00000080       0x30 hal/src/hal_io.o
 .debug_aranges
                0x000000b0       0xa8 hal/src/hal_usart_sync.o
 .debug_aranges
                0x00000158       0x20 hal/utils/src/utils_assert.o
 .debug_aranges
                0x00000178       0x20 hpl/core/hpl_init.o
 .debug_aranges
                0x00000198       0x28 hpl/gclk/hpl_gclk.o
 .debug_aranges
                0x000001c0       0x30 hpl/pm/hpl_pm.o
 .debug_aranges
                0x000001f0      0x4c0 hpl/sercom/hpl_sercom.o
 .debug_aranges
                0x000006b0       0x28 hpl/sysctrl/hpl_sysctrl.o
 .debug_aranges
                0x000006d8       0x28 main.o

.debug_ranges   0x00000000      0x9f0
 .debug_ranges  0x00000000       0x10 atmel_start.o
 .debug_ranges  0x00000010       0x18 Device_Startup/startup_samd20.o
 .debug_ranges  0x00000028       0x28 driver_init.o
 .debug_ranges  0x00000050       0x20 hal/src/hal_io.o
 .debug_ranges  0x00000070       0x98 hal/src/hal_usart_sync.o
 .debug_ranges  0x00000108       0x10 hal/utils/src/utils_assert.o
 .debug_ranges  0x00000118       0x10 hpl/core/hpl_init.o
 .debug_ranges  0x00000128       0x18 hpl/gclk/hpl_gclk.o
 .debug_ranges  0x00000140       0x20 hpl/pm/hpl_pm.o
 .debug_ranges  0x00000160      0x848 hpl/sercom/hpl_sercom.o
 .debug_ranges  0x000009a8       0x30 hpl/sysctrl/hpl_sysctrl.o
 .debug_ranges  0x000009d8       0x18 main.o

.debug_macro    0x00000000     0xee37
 .debug_macro   0x00000000      0x454 atmel_start.o
 .debug_macro   0x00000454      0x89e atmel_start.o
 .debug_macro   0x00000cf2      0x16d atmel_start.o
 .debug_macro   0x00000e5f       0x22 atmel_start.o
 .debug_macro   0x00000e81       0x87 atmel_start.o
 .debug_macro   0x00000f08       0x51 atmel_start.o
 .debug_macro   0x00000f59       0xef atmel_start.o
 .debug_macro   0x00001048       0x6a atmel_start.o
 .debug_macro   0x000010b2      0x1df atmel_start.o
 .debug_macro   0x00001291       0x22 atmel_start.o
 .debug_macro   0x000012b3       0x3f atmel_start.o
 .debug_macro   0x000012f2       0x1c atmel_start.o
 .debug_macro   0x0000130e       0x22 atmel_start.o
 .debug_macro   0x00001330       0xb5 atmel_start.o
 .debug_macro   0x000013e5      0x3ad atmel_start.o
 .debug_macro   0x00001792      0x67e atmel_start.o
 .debug_macro   0x00001e10      0x8b1 atmel_start.o
 .debug_macro   0x000026c1      0x222 atmel_start.o
 .debug_macro   0x000028e3      0x5e7 atmel_start.o
 .debug_macro   0x00002eca      0x9f6 atmel_start.o
 .debug_macro   0x000038c0      0x5b5 atmel_start.o
 .debug_macro   0x00003e75      0x4a5 atmel_start.o
 .debug_macro   0x0000431a      0x6e8 atmel_start.o
 .debug_macro   0x00004a02       0x5e atmel_start.o
 .debug_macro   0x00004a60      0x5de atmel_start.o
 .debug_macro   0x0000503e      0x3ac atmel_start.o
 .debug_macro   0x000053ea      0xc76 atmel_start.o
 .debug_macro   0x00006060      0xd23 atmel_start.o
 .debug_macro   0x00006d83      0x7ac atmel_start.o
 .debug_macro   0x0000752f      0x6ba atmel_start.o
 .debug_macro   0x00007be9      0x340 atmel_start.o
 .debug_macro   0x00007f29       0x7c atmel_start.o
 .debug_macro   0x00007fa5       0x9a atmel_start.o
 .debug_macro   0x0000803f       0x46 atmel_start.o
 .debug_macro   0x00008085       0xb2 atmel_start.o
 .debug_macro   0x00008137       0x6a atmel_start.o
 .debug_macro   0x000081a1      0x261 atmel_start.o
 .debug_macro   0x00008402       0x7c atmel_start.o
 .debug_macro   0x0000847e       0xb2 atmel_start.o
 .debug_macro   0x00008530       0x1c atmel_start.o
 .debug_macro   0x0000854c       0x1c atmel_start.o
 .debug_macro   0x00008568       0x1c atmel_start.o
 .debug_macro   0x00008584       0x82 atmel_start.o
 .debug_macro   0x00008606      0x15a atmel_start.o
 .debug_macro   0x00008760       0x10 atmel_start.o
 .debug_macro   0x00008770       0xdc atmel_start.o
 .debug_macro   0x0000884c      0x100 atmel_start.o
 .debug_macro   0x0000894c      0x100 atmel_start.o
 .debug_macro   0x00008a4c      0x100 atmel_start.o
 .debug_macro   0x00008b4c      0x100 atmel_start.o
 .debug_macro   0x00008c4c      0x100 atmel_start.o
 .debug_macro   0x00008d4c      0x100 atmel_start.o
 .debug_macro   0x00008e4c       0xfa atmel_start.o
 .debug_macro   0x00008f46       0xbe atmel_start.o
 .debug_macro   0x00009004       0xbe atmel_start.o
 .debug_macro   0x000090c2       0xbe atmel_start.o
 .debug_macro   0x00009180       0xbe atmel_start.o
 .debug_macro   0x0000923e       0xbe atmel_start.o
 .debug_macro   0x000092fc       0xbe atmel_start.o
 .debug_macro   0x000093ba       0xbe atmel_start.o
 .debug_macro   0x00009478       0xbe atmel_start.o
 .debug_macro   0x00009536       0x40 atmel_start.o
 .debug_macro   0x00009576      0x2f8 atmel_start.o
 .debug_macro   0x0000986e     0x1b18 atmel_start.o
 .debug_macro   0x0000b386       0x66 atmel_start.o
 .debug_macro   0x0000b3ec       0x10 atmel_start.o
 .debug_macro   0x0000b3fc       0x10 atmel_start.o
 .debug_macro   0x0000b40c       0x16 atmel_start.o
 .debug_macro   0x0000b422       0x16 atmel_start.o
 .debug_macro   0x0000b438       0x16 atmel_start.o
 .debug_macro   0x0000b44e       0x16 atmel_start.o
 .debug_macro   0x0000b464       0x16 atmel_start.o
 .debug_macro   0x0000b47a       0x16 atmel_start.o
 .debug_macro   0x0000b490       0x16 atmel_start.o
 .debug_macro   0x0000b4a6       0x16 atmel_start.o
 .debug_macro   0x0000b4bc       0x16 atmel_start.o
 .debug_macro   0x0000b4d2       0x16 atmel_start.o
 .debug_macro   0x0000b4e8      0x4c3 atmel_start.o
 .debug_macro   0x0000b9ab       0x16 atmel_start.o
 .debug_macro   0x0000b9c1       0x16 atmel_start.o
 .debug_macro   0x0000b9d7       0x6a atmel_start.o
 .debug_macro   0x0000ba41       0x16 atmel_start.o
 .debug_macro   0x0000ba57       0xca atmel_start.o
 .debug_macro   0x0000bb21       0x1c atmel_start.o
 .debug_macro   0x0000bb3d       0x16 atmel_start.o
 .debug_macro   0x0000bb53       0x40 atmel_start.o
 .debug_macro   0x0000bb93      0x2a2 Device_Startup/startup_samd20.o
 .debug_macro   0x0000be35       0x39 Device_Startup/startup_samd20.o
 .debug_macro   0x0000be6e      0x470 driver_init.o
 .debug_macro   0x0000c2de       0x28 driver_init.o
 .debug_macro   0x0000c306       0xc9 driver_init.o
 .debug_macro   0x0000c3cf      0x3ad hal/src/hal_io.o
 .debug_macro   0x0000c77c      0x3d4 hal/src/hal_usart_sync.o
 .debug_macro   0x0000cb50      0x3a3 hal/utils/src/utils_assert.o
 .debug_macro   0x0000cef3       0x10 hal/utils/src/utils_assert.o
 .debug_macro   0x0000cf03      0x3ed hpl/core/hpl_init.o
 .debug_macro   0x0000d2f0       0x2e hpl/core/hpl_init.o
 .debug_macro   0x0000d31e      0x3b0 hpl/gclk/hpl_gclk.o
 .debug_macro   0x0000d6ce      0x1f3 hpl/gclk/hpl_gclk.o
 .debug_macro   0x0000d8c1      0x3d9 hpl/pm/hpl_pm.o
 .debug_macro   0x0000dc9a      0x5a9 hpl/sercom/hpl_sercom.o
 .debug_macro   0x0000e243       0x10 hpl/sercom/hpl_sercom.o
 .debug_macro   0x0000e253       0x1c hpl/sercom/hpl_sercom.o
 .debug_macro   0x0000e26f       0x22 hpl/sercom/hpl_sercom.o
 .debug_macro   0x0000e291       0x10 hpl/sercom/hpl_sercom.o
 .debug_macro   0x0000e2a1       0x70 hpl/sercom/hpl_sercom.o
 .debug_macro   0x0000e311       0x88 hpl/sercom/hpl_sercom.o
 .debug_macro   0x0000e399      0x3b0 hpl/sysctrl/hpl_sysctrl.o
 .debug_macro   0x0000e749      0x29a hpl/sysctrl/hpl_sysctrl.o
 .debug_macro   0x0000e9e3      0x454 main.o

.debug_line     0x00000000     0x88f3
 .debug_line    0x00000000      0x980 atmel_start.o
 .debug_line    0x00000980      0x68b Device_Startup/startup_samd20.o
 .debug_line    0x0000100b      0xa42 driver_init.o
 .debug_line    0x00001a4d      0x8b6 hal/src/hal_io.o
 .debug_line    0x00002303      0xa8e hal/src/hal_usart_sync.o
 .debug_line    0x00002d91      0x86c hal/utils/src/utils_assert.o
 .debug_line    0x000035fd      0x902 hpl/core/hpl_init.o
 .debug_line    0x00003eff      0x8c6 hpl/gclk/hpl_gclk.o
 .debug_line    0x000047c5      0x912 hpl/pm/hpl_pm.o
 .debug_line    0x000050d7     0x258b hpl/sercom/hpl_sercom.o
 .debug_line    0x00007662      0x8ff hpl/sysctrl/hpl_sysctrl.o
 .debug_line    0x00007f61      0x992 main.o

.debug_str      0x00000000    0x5150d
 .debug_str     0x00000000    0x49a9c atmel_start.o
                              0x49edf (size before relaxing)
 .debug_str     0x00049a9c      0x4ec Device_Startup/startup_samd20.o
                              0x4615b (size before relaxing)
 .debug_str     0x00049f88     0x1393 driver_init.o
                              0x4b448 (size before relaxing)
 .debug_str     0x0004b31b       0x66 hal/src/hal_io.o
                              0x49c09 (size before relaxing)
 .debug_str     0x0004b381      0x4af hal/src/hal_usart_sync.o
                              0x4a6a9 (size before relaxing)
 .debug_str     0x0004b830       0x2f hal/utils/src/utils_assert.o
                              0x49b6c (size before relaxing)
 .debug_str     0x0004b85f      0x1e4 hpl/core/hpl_init.o
                              0x4a07e (size before relaxing)
 .debug_str     0x0004ba43      0x81a hpl/gclk/hpl_gclk.o
                              0x4a454 (size before relaxing)
 .debug_str     0x0004c25d      0x194 hpl/pm/hpl_pm.o
                              0x4a1e7 (size before relaxing)
 .debug_str     0x0004c3f1     0x4096 hpl/sercom/hpl_sercom.o
                              0x4ec75 (size before relaxing)
 .debug_str     0x00050487     0x105e hpl/sysctrl/hpl_sysctrl.o
                              0x4ac9c (size before relaxing)
 .debug_str     0x000514e5       0x28 main.o
                              0x49f25 (size before relaxing)

.debug_frame    0x00000000     0x1218
 .debug_frame   0x00000000       0x28 atmel_start.o
 .debug_frame   0x00000028       0x38 Device_Startup/startup_samd20.o
 .debug_frame   0x00000060       0x6c driver_init.o
 .debug_frame   0x000000cc       0x58 hal/src/hal_io.o
 .debug_frame   0x00000124      0x200 hal/src/hal_usart_sync.o
 .debug_frame   0x00000324       0x20 hal/utils/src/utils_assert.o
 .debug_frame   0x00000344       0x28 hpl/core/hpl_init.o
 .debug_frame   0x0000036c       0x30 hpl/gclk/hpl_gclk.o
 .debug_frame   0x0000039c       0x40 hpl/pm/hpl_pm.o
 .debug_frame   0x000003dc      0xd9c hpl/sercom/hpl_sercom.o
 .debug_frame   0x00001178       0x30 hpl/sysctrl/hpl_sysctrl.o
 .debug_frame   0x000011a8       0x44 main.o
 .debug_frame   0x000011ec       0x2c c:/program files (x86)/atmel/studio/7.0/toolchain/arm/arm-gnu-toolchain/bin/../lib/gcc/arm-none-eabi/6.3.1/../../../../arm-none-eabi/lib/thumb/v6-m\libc_nano.a(lib_a-init.o)
